src/components/PropertyWizard.tsx(2,35): error TS6133: 'useDragControls' is declared but its value is never read.
src/components/PropertyWizard.tsx(549,37): error TS2339: Property 'name' does not exist on type 'Partial<Property>'.
src/components/PropertyWizard.tsx(550,53): error TS2353: Object literal may only specify known properties, and 'name' does not exist in type 'Partial<Property>'.
src/components/PropertyWizard.tsx(850,31): error TS2339: Property 'name' does not exist on type 'Partial<Property>'.
